
> profxsummit@0.1.0 build
> react-scripts build

(node:24580) [DEP0176] DeprecationWarning: fs.F_OK is deprecated, use fs.constants.F_OK instead
(Use `node --trace-deprecation ...` to show where the warning was created)
Creating an optimized production build...
Browserslist: browsers data (caniuse-lite) is 12 months old. Please run:
  npx update-browserslist-db@latest
  Why you should do it regularly: https://github.com/browserslist/update-db#readme
Browserslist: browsers data (caniuse-lite) is 12 months old. Please run:
  npx update-browserslist-db@latest
  Why you should do it regularly: https://github.com/browserslist/update-db#readme
Compiled with warnings.

[eslint] 
src\Components\BoothModal.jsx
  Line 3:10:  'Link' is defined but never used  no-unused-vars

src\Components\CalendarSection .jsx
  Line 1:17:  'useEffect' is defined but never used  no-unused-vars
  Line 1:28:  'useRef' is defined but never used     no-unused-vars
  Line 7:10:  'gsap' is defined but never used       no-unused-vars
  Line 8:10:  'Tooltip' is defined but never used    no-unused-vars

src\Components\Countdown.jsx
  Line 6:10:  'expired' is assigned a value but never used                                                                    no-unused-vars
  Line 37:6:  React Hook useEffect has a missing dependency: 'getTimeLeft'. Either include it or remove the dependency array  react-hooks/exhaustive-deps

src\Components\DirectionSection.jsx
  Line 36:19:  <iframe> elements must have a unique title property  jsx-a11y/iframe-has-title

src\Components\FloorPlan.jsx
  Line 2:10:  'Lock' is defined but never used                                                                                                                                                                                                                                                                                                                                   no-unused-vars
  Line 5:10:  'selectedBooth' is assigned a value but never used                                                                                                                                                                                                                                                                                                                 no-unused-vars
  Line 5:25:  'setSelectedBooth' is assigned a value but never used                                                                                                                                                                                                                                                                                                              no-unused-vars
  Line 8:5:   The href attribute requires a valid value to be accessible. Provide a valid, navigable address as the href value. If you cannot provide a valid href, but still need the element to resemble a link, use a button and change it with appropriate styles. Learn more: https://github.com/jsx-eslint/eslint-plugin-jsx-a11y/blob/HEAD/docs/rules/anchor-is-valid.md  jsx-a11y/anchor-is-valid

src\Components\FloorPlanDubai.jsx
  Line 5:10:    'createPortal' is defined but never used         no-unused-vars
  Line 14:10:   'booths' is assigned a value but never used      no-unused-vars
  Line 14:18:   'setBooths' is assigned a value but never used   no-unused-vars
  Line 368:21:  'isDiamond5' is assigned a value but never used  no-unused-vars

src\Components\Gallery.jsx
  Line 1:27:  'useEffect' is defined but never used  no-unused-vars

src\Components\Header.jsx
  Line 2:8:    'Navbar' is defined but never used         no-unused-vars
  Line 4:8:    'Search' is defined but never used         no-unused-vars
  Line 23:10:  'logo' is assigned a value but never used  no-unused-vars

src\Components\Navbar.jsx
  Line 31:13:  The href attribute requires a valid value to be accessible. Provide a valid, navigable address as the href value. If you cannot provide a valid href, but still need the element to resemble a link, use a button and change it with appropriate styles. Learn more: https://github.com/jsx-eslint/eslint-plugin-jsx-a11y/blob/HEAD/docs/rules/anchor-is-valid.md  jsx-a11y/anchor-is-valid

src\Components\TabbedDays.jsx
  Line 1:27:  'useEffect' is defined but never used  no-unused-vars
  Line 1:38:  'useRef' is defined but never used     no-unused-vars
  Line 2:30:  'Users' is defined but never used      no-unused-vars

src\Components\TicketSection.jsx
  Line 1:10:    'BadgeCheck' is defined but never used                                                                                                                                                                                                                                                                                                                             no-unused-vars
  Line 1:22:    'OctagonX' is defined but never used                                                                                                                                                                                                                                                                                                                               no-unused-vars
  Line 340:15:  The href attribute requires a valid value to be accessible. Provide a valid, navigable address as the href value. If you cannot provide a valid href, but still need the element to resemble a link, use a button and change it with appropriate styles. Learn more: https://github.com/jsx-eslint/eslint-plugin-jsx-a11y/blob/HEAD/docs/rules/anchor-is-valid.md  jsx-a11y/anchor-is-valid

src\Components\TrustedPartners.jsx
  Line 8:12:  'isPaused' is assigned a value but never used  no-unused-vars

src\Pages\About.jsx
  Line 8:8:    'AccessSynergies' is defined but never used                                                                                                                                                                                                                                                                                                                               no-unused-vars
  Line 52:25:  The href attribute is required for an anchor to be keyboard accessible. Provide a valid, navigable address as the href value. If you cannot provide an href, but still need the element to resemble a link, use a button and change it with appropriate styles. Learn more: https://github.com/jsx-eslint/eslint-plugin-jsx-a11y/blob/HEAD/docs/rules/anchor-is-valid.md  jsx-a11y/anchor-is-valid
  Line 71:25:  The href attribute is required for an anchor to be keyboard accessible. Provide a valid, navigable address as the href value. If you cannot provide an href, but still need the element to resemble a link, use a button and change it with appropriate styles. Learn more: https://github.com/jsx-eslint/eslint-plugin-jsx-a11y/blob/HEAD/docs/rules/anchor-is-valid.md  jsx-a11y/anchor-is-valid

src\Pages\Bloglists.jsx
  Line 1:38:    'useRef' is defined but never used                                                                                                                                                                                                                                                                                                                                 no-unused-vars
  Line 117:57:  The href attribute requires a valid value to be accessible. Provide a valid, navigable address as the href value. If you cannot provide a valid href, but still need the element to resemble a link, use a button and change it with appropriate styles. Learn more: https://github.com/jsx-eslint/eslint-plugin-jsx-a11y/blob/HEAD/docs/rules/anchor-is-valid.md  jsx-a11y/anchor-is-valid
  Line 139:69:  Redundant alt attribute. Screen-readers already announce `img` tags as an image. You don’t need to use the words `image`, `photo,` or `picture` (or any specified custom words) in the alt prop                                                                                                                                                                    jsx-a11y/img-redundant-alt

src\Pages\Blogsingle.jsx
  Line 5:10:  'BadgeCheck' is defined but never used  no-unused-vars

src\Pages\Contact.jsx
  Line 60:15:  <iframe> elements must have a unique title property  jsx-a11y/iframe-has-title

src\Pages\Eventlists.jsx
  Line 4:10:  'Link' is defined but never used      no-unused-vars
  Line 5:10:  'Calendar' is defined but never used  no-unused-vars

src\Pages\Exhibitors.jsx
  Line 6:8:     'TicketSection' is defined but never used                                                                                                                                                                                                                                                                                                                          no-unused-vars
  Line 7:8:     'FloorPlan' is defined but never used                                                                                                                                                                                                                                                                                                                              no-unused-vars
  Line 146:15:  The href attribute requires a valid value to be accessible. Provide a valid, navigable address as the href value. If you cannot provide a valid href, but still need the element to resemble a link, use a button and change it with appropriate styles. Learn more: https://github.com/jsx-eslint/eslint-plugin-jsx-a11y/blob/HEAD/docs/rules/anchor-is-valid.md  jsx-a11y/anchor-is-valid

src\Pages\ExhibitorsForm.jsx
  Line 12:8:   'DirectionSection' is defined but never used                                                                                           no-unused-vars
  Line 41:6:   React Hook useEffect has missing dependencies: 'countryOptions' and 'nationality'. Either include them or remove the dependency array  react-hooks/exhaustive-deps
  Line 58:20:  'setProducts' is assigned a value but never used                                                                                       no-unused-vars

src\Pages\Floorplan.jsx
  Line 5:8:  'SVGComponent' is defined but never used  no-unused-vars

src\Pages\Home.jsx
  Line 1:8:     'CountUpBox' is defined but never used                                                                                                                                                                                                                                                                                                                                    no-unused-vars
  Line 148:29:  Using target="_blank" without rel="noreferrer" (which implies rel="noopener") is a security risk in older browsers: see https://mathiasbynens.github.io/rel-noopener/#recommendations                                                                                                                                                                                     react/jsx-no-target-blank
  Line 221:25:  The href attribute is required for an anchor to be keyboard accessible. Provide a valid, navigable address as the href value. If you cannot provide an href, but still need the element to resemble a link, use a button and change it with appropriate styles. Learn more: https://github.com/jsx-eslint/eslint-plugin-jsx-a11y/blob/HEAD/docs/rules/anchor-is-valid.md  jsx-a11y/anchor-is-valid
  Line 240:25:  The href attribute is required for an anchor to be keyboard accessible. Provide a valid, navigable address as the href value. If you cannot provide an href, but still need the element to resemble a link, use a button and change it with appropriate styles. Learn more: https://github.com/jsx-eslint/eslint-plugin-jsx-a11y/blob/HEAD/docs/rules/anchor-is-valid.md  jsx-a11y/anchor-is-valid
  Line 352:21:  The href attribute is required for an anchor to be keyboard accessible. Provide a valid, navigable address as the href value. If you cannot provide an href, but still need the element to resemble a link, use a button and change it with appropriate styles. Learn more: https://github.com/jsx-eslint/eslint-plugin-jsx-a11y/blob/HEAD/docs/rules/anchor-is-valid.md  jsx-a11y/anchor-is-valid
  Line 370:21:  The href attribute is required for an anchor to be keyboard accessible. Provide a valid, navigable address as the href value. If you cannot provide an href, but still need the element to resemble a link, use a button and change it with appropriate styles. Learn more: https://github.com/jsx-eslint/eslint-plugin-jsx-a11y/blob/HEAD/docs/rules/anchor-is-valid.md  jsx-a11y/anchor-is-valid
  Line 389:21:  The href attribute is required for an anchor to be keyboard accessible. Provide a valid, navigable address as the href value. If you cannot provide an href, but still need the element to resemble a link, use a button and change it with appropriate styles. Learn more: https://github.com/jsx-eslint/eslint-plugin-jsx-a11y/blob/HEAD/docs/rules/anchor-is-valid.md  jsx-a11y/anchor-is-valid
  Line 407:21:  The href attribute is required for an anchor to be keyboard accessible. Provide a valid, navigable address as the href value. If you cannot provide an href, but still need the element to resemble a link, use a button and change it with appropriate styles. Learn more: https://github.com/jsx-eslint/eslint-plugin-jsx-a11y/blob/HEAD/docs/rules/anchor-is-valid.md  jsx-a11y/anchor-is-valid
  Line 426:21:  The href attribute is required for an anchor to be keyboard accessible. Provide a valid, navigable address as the href value. If you cannot provide an href, but still need the element to resemble a link, use a button and change it with appropriate styles. Learn more: https://github.com/jsx-eslint/eslint-plugin-jsx-a11y/blob/HEAD/docs/rules/anchor-is-valid.md  jsx-a11y/anchor-is-valid
  Line 444:21:  The href attribute is required for an anchor to be keyboard accessible. Provide a valid, navigable address as the href value. If you cannot provide an href, but still need the element to resemble a link, use a button and change it with appropriate styles. Learn more: https://github.com/jsx-eslint/eslint-plugin-jsx-a11y/blob/HEAD/docs/rules/anchor-is-valid.md  jsx-a11y/anchor-is-valid

src\Pages\Login.jsx
  Line 17:10:  'showConfirmPassword' is assigned a value but never used     no-unused-vars
  Line 17:31:  'setShowConfirmPassword' is assigned a value but never used  no-unused-vars

src\Pages\ProfileDropdown.jsx
  Line 2:16:  'useNavigate' is defined but never used  no-unused-vars

src\Pages\Register.jsx
  Line 38:6:   React Hook useEffect has missing dependencies: 'countryOptions' and 'nationality'. Either include them or remove the dependency array  react-hooks/exhaustive-deps
  Line 55:20:  'setProducts' is assigned a value but never used                                                                                       no-unused-vars

src\Pages\Speakerlists.jsx
  Line 51:31:   The href attribute requires a valid value to be accessible. Provide a valid, navigable address as the href value. If you cannot provide a valid href, but still need the element to resemble a link, use a button and change it with appropriate styles. Learn more: https://github.com/jsx-eslint/eslint-plugin-jsx-a11y/blob/HEAD/docs/rules/anchor-is-valid.md  jsx-a11y/anchor-is-valid
  Line 79:31:   The href attribute requires a valid value to be accessible. Provide a valid, navigable address as the href value. If you cannot provide a valid href, but still need the element to resemble a link, use a button and change it with appropriate styles. Learn more: https://github.com/jsx-eslint/eslint-plugin-jsx-a11y/blob/HEAD/docs/rules/anchor-is-valid.md  jsx-a11y/anchor-is-valid
  Line 107:31:  The href attribute requires a valid value to be accessible. Provide a valid, navigable address as the href value. If you cannot provide a valid href, but still need the element to resemble a link, use a button and change it with appropriate styles. Learn more: https://github.com/jsx-eslint/eslint-plugin-jsx-a11y/blob/HEAD/docs/rules/anchor-is-valid.md  jsx-a11y/anchor-is-valid
  Line 135:31:  The href attribute requires a valid value to be accessible. Provide a valid, navigable address as the href value. If you cannot provide a valid href, but still need the element to resemble a link, use a button and change it with appropriate styles. Learn more: https://github.com/jsx-eslint/eslint-plugin-jsx-a11y/blob/HEAD/docs/rules/anchor-is-valid.md  jsx-a11y/anchor-is-valid
  Line 163:31:  The href attribute requires a valid value to be accessible. Provide a valid, navigable address as the href value. If you cannot provide a valid href, but still need the element to resemble a link, use a button and change it with appropriate styles. Learn more: https://github.com/jsx-eslint/eslint-plugin-jsx-a11y/blob/HEAD/docs/rules/anchor-is-valid.md  jsx-a11y/anchor-is-valid
  Line 191:31:  The href attribute requires a valid value to be accessible. Provide a valid, navigable address as the href value. If you cannot provide a valid href, but still need the element to resemble a link, use a button and change it with appropriate styles. Learn more: https://github.com/jsx-eslint/eslint-plugin-jsx-a11y/blob/HEAD/docs/rules/anchor-is-valid.md  jsx-a11y/anchor-is-valid
  Line 219:31:  The href attribute requires a valid value to be accessible. Provide a valid, navigable address as the href value. If you cannot provide a valid href, but still need the element to resemble a link, use a button and change it with appropriate styles. Learn more: https://github.com/jsx-eslint/eslint-plugin-jsx-a11y/blob/HEAD/docs/rules/anchor-is-valid.md  jsx-a11y/anchor-is-valid
  Line 247:31:  The href attribute requires a valid value to be accessible. Provide a valid, navigable address as the href value. If you cannot provide a valid href, but still need the element to resemble a link, use a button and change it with appropriate styles. Learn more: https://github.com/jsx-eslint/eslint-plugin-jsx-a11y/blob/HEAD/docs/rules/anchor-is-valid.md  jsx-a11y/anchor-is-valid

Search for the keywords to learn more about each warning.
To ignore, add // eslint-disable-next-line to the line before.

File sizes after gzip:

  422.98 kB (+7 B)  build\static\js\main.2e5dda5e.js
  37.16 kB          build\static\css\main.17212e35.css

The project was built assuming it is hosted at /africa/.
You can control this with the homepage field in your package.json.

The build folder is ready to be deployed.

Find out more about deployment here:

  https://cra.link/deployment

